Archive member included because of file (symbol)

c:/winavr-20090313/bin/../lib/gcc/avr/4.3.2/avr51\libgcc.a(_divmodhi4.o)
                              AHNS_DS.o (__divmodhi4)
c:/winavr-20090313/bin/../lib/gcc/avr/4.3.2/avr51\libgcc.a(_exit.o)
                              c:/winavr-20090313/bin/../lib/gcc/avr/4.3.2/../../../../avr/lib/avr51/crtm128.o (exit)
c:/winavr-20090313/bin/../lib/gcc/avr/4.3.2/avr51\libgcc.a(_clear_bss.o)
                              AHNS_DS.o (__do_clear_bss)
c:/winavr-20090313/bin/../lib/gcc/avr/4.3.2/avr51\libgcc.a(_lt_sf.o)
                              AHNS_DS.o (__ltsf2)
c:/winavr-20090313/bin/../lib/gcc/avr/4.3.2/avr51\libgcc.a(_si_to_sf.o)
                              AHNS_DS.o (__floatsisf)
c:/winavr-20090313/bin/../lib/gcc/avr/4.3.2/avr51\libgcc.a(_udivmodhi4.o)
                              c:/winavr-20090313/bin/../lib/gcc/avr/4.3.2/avr51\libgcc.a(_divmodhi4.o) (__udivmodhi4)
c:/winavr-20090313/bin/../lib/gcc/avr/4.3.2/avr51\libgcc.a(_prologue.o)
                              c:/winavr-20090313/bin/../lib/gcc/avr/4.3.2/avr51\libgcc.a(_lt_sf.o) (__prologue_saves__)
c:/winavr-20090313/bin/../lib/gcc/avr/4.3.2/avr51\libgcc.a(_epilogue.o)
                              c:/winavr-20090313/bin/../lib/gcc/avr/4.3.2/avr51\libgcc.a(_lt_sf.o) (__epilogue_restores__)
c:/winavr-20090313/bin/../lib/gcc/avr/4.3.2/avr51\libgcc.a(_clzsi2.o)
                              c:/winavr-20090313/bin/../lib/gcc/avr/4.3.2/avr51\libgcc.a(_si_to_sf.o) (__clzsi2)
c:/winavr-20090313/bin/../lib/gcc/avr/4.3.2/avr51\libgcc.a(_pack_sf.o)
                              c:/winavr-20090313/bin/../lib/gcc/avr/4.3.2/avr51\libgcc.a(_si_to_sf.o) (__pack_f)
c:/winavr-20090313/bin/../lib/gcc/avr/4.3.2/avr51\libgcc.a(_unpack_sf.o)
                              c:/winavr-20090313/bin/../lib/gcc/avr/4.3.2/avr51\libgcc.a(_lt_sf.o) (__unpack_f)
c:/winavr-20090313/bin/../lib/gcc/avr/4.3.2/avr51\libgcc.a(_fpcmp_parts_sf.o)
                              c:/winavr-20090313/bin/../lib/gcc/avr/4.3.2/avr51\libgcc.a(_lt_sf.o) (__fpcmp_parts_f)
c:/winavr-20090313/bin/../lib/gcc/avr/4.3.2/avr51\libgcc.a(_clz.o)
                              c:/winavr-20090313/bin/../lib/gcc/avr/4.3.2/avr51\libgcc.a(_clzsi2.o) (__clz_tab)

Allocating common symbols
Common symbol       size              file

ChkChar1            0x1               AHNS_DS.o
ChkChar0            0x1               AHNS_DS.o
Data                0x1               AHNS_DS.o
tempChar            0x1               AHNS_DS.o
tempc               0x21              AHNS_DS.o

Memory Configuration

Name             Origin             Length             Attributes
text             0x00000000         0x00020000         xr
data             0x00800060         0x0000ffa0         rw !x
eeprom           0x00810000         0x00010000         rw !x
fuse             0x00820000         0x00000400         rw !x
lock             0x00830000         0x00000400         rw !x
signature        0x00840000         0x00000400         rw !x
*default*        0x00000000         0xffffffff

Linker script and memory map

Address of section .data set to 0x800100
LOAD c:/winavr-20090313/bin/../lib/gcc/avr/4.3.2/../../../../avr/lib/avr51/crtm128.o
LOAD AHNS_DS.o
LOAD c:/winavr-20090313/bin/../lib/gcc/avr/4.3.2/avr51\libgcc.a
LOAD c:/winavr-20090313/bin/../lib/gcc/avr/4.3.2/../../../../avr/lib/avr51\libc.a
LOAD c:/winavr-20090313/bin/../lib/gcc/avr/4.3.2/avr51\libgcc.a

.hash
 *(.hash)

.dynsym
 *(.dynsym)

.dynstr
 *(.dynstr)

.gnu.version
 *(.gnu.version)

.gnu.version_d
 *(.gnu.version_d)

.gnu.version_r
 *(.gnu.version_r)

.rel.init
 *(.rel.init)

.rela.init
 *(.rela.init)

.rel.text
 *(.rel.text)
 *(.rel.text.*)
 *(.rel.gnu.linkonce.t*)

.rela.text
 *(.rela.text)
 *(.rela.text.*)
 *(.rela.gnu.linkonce.t*)

.rel.fini
 *(.rel.fini)

.rela.fini
 *(.rela.fini)

.rel.rodata
 *(.rel.rodata)
 *(.rel.rodata.*)
 *(.rel.gnu.linkonce.r*)

.rela.rodata
 *(.rela.rodata)
 *(.rela.rodata.*)
 *(.rela.gnu.linkonce.r*)

.rel.data
 *(.rel.data)
 *(.rel.data.*)
 *(.rel.gnu.linkonce.d*)

.rela.data
 *(.rela.data)
 *(.rela.data.*)
 *(.rela.gnu.linkonce.d*)

.rel.ctors
 *(.rel.ctors)

.rela.ctors
 *(.rela.ctors)

.rel.dtors
 *(.rel.dtors)

.rela.dtors
 *(.rela.dtors)

.rel.got
 *(.rel.got)

.rela.got
 *(.rela.got)

.rel.bss
 *(.rel.bss)

.rela.bss
 *(.rela.bss)

.rel.plt
 *(.rel.plt)

.rela.plt
 *(.rela.plt)

.text           0x00000000     0x113e
 *(.vectors)
 .vectors       0x00000000       0x8c c:/winavr-20090313/bin/../lib/gcc/avr/4.3.2/../../../../avr/lib/avr51/crtm128.o
                0x00000000                __vectors
                0x00000000                __vector_default
 *(.vectors)
 *(.progmem.gcc*)
 *(.progmem*)
                0x0000008c                . = ALIGN (0x2)
                0x0000008c                __trampolines_start = .
 *(.trampolines)
 .trampolines   0x0000008c        0x0 linker stubs
 *(.trampolines*)
                0x0000008c                __trampolines_end = .
 *(.jumptables)
 *(.jumptables*)
 *(.lowtext)
 *(.lowtext*)
                0x0000008c                __ctors_start = .
 *(.ctors)
                0x0000008c                __ctors_end = .
                0x0000008c                __dtors_start = .
 *(.dtors)
                0x0000008c                __dtors_end = .
 SORT(*)(.ctors)
 SORT(*)(.dtors)
 *(.init0)
 .init0         0x0000008c        0x0 c:/winavr-20090313/bin/../lib/gcc/avr/4.3.2/../../../../avr/lib/avr51/crtm128.o
                0x0000008c                __init
 *(.init0)
 *(.init1)
 *(.init1)
 *(.init2)
 .init2         0x0000008c        0xc c:/winavr-20090313/bin/../lib/gcc/avr/4.3.2/../../../../avr/lib/avr51/crtm128.o
 *(.init2)
 *(.init3)
 *(.init3)
 *(.init4)
 .init4         0x00000098       0x1a c:/winavr-20090313/bin/../lib/gcc/avr/4.3.2/../../../../avr/lib/avr51/crtm128.o
                0x00000098                __do_copy_data
 .init4         0x000000b2       0x10 c:/winavr-20090313/bin/../lib/gcc/avr/4.3.2/avr51\libgcc.a(_clear_bss.o)
                0x000000b2                __do_clear_bss
 *(.init4)
 *(.init5)
 *(.init5)
 *(.init6)
 *(.init6)
 *(.init7)
 *(.init7)
 *(.init8)
 *(.init8)
 *(.init9)
 .init9         0x000000c2        0x8 c:/winavr-20090313/bin/../lib/gcc/avr/4.3.2/../../../../avr/lib/avr51/crtm128.o
 *(.init9)
 *(.text)
 .text          0x000000ca        0x4 c:/winavr-20090313/bin/../lib/gcc/avr/4.3.2/../../../../avr/lib/avr51/crtm128.o
                0x000000ca                __vector_22
                0x000000ca                __vector_28
                0x000000ca                __vector_1
                0x000000ca                __vector_32
                0x000000ca                __vector_34
                0x000000ca                __vector_24
                0x000000ca                __bad_interrupt
                0x000000ca                __vector_6
                0x000000ca                __vector_31
                0x000000ca                __vector_3
                0x000000ca                __vector_23
                0x000000ca                __vector_30
                0x000000ca                __vector_25
                0x000000ca                __vector_11
                0x000000ca                __vector_13
                0x000000ca                __vector_17
                0x000000ca                __vector_19
                0x000000ca                __vector_7
                0x000000ca                __vector_27
                0x000000ca                __vector_5
                0x000000ca                __vector_33
                0x000000ca                __vector_4
                0x000000ca                __vector_9
                0x000000ca                __vector_2
                0x000000ca                __vector_21
                0x000000ca                __vector_15
                0x000000ca                __vector_29
                0x000000ca                __vector_8
                0x000000ca                __vector_26
                0x000000ca                __vector_14
                0x000000ca                __vector_10
                0x000000ca                __vector_16
                0x000000ca                __vector_18
                0x000000ca                __vector_20
 .text          0x000000ce      0xaaa AHNS_DS.o
                0x00000342                CharBuffTestRun
                0x00000178                TimeOut_us
                0x000002b4                BuffIMU_DataRx
                0x000001ae                UART0_vInit
                0x00000114                __vector_12
                0x0000022a                SPI_Transmit16
                0x00000686                IMU_DataRx
                0x00000846                InitADC
                0x0000027a                UpdateTimeStamp
                0x000002ac                IMU_DataRxChar
                0x00000850                ADCVal
                0x0000021a                SPI_Transmit
                0x000006fe                IMUGetData
                0x00000872                main
                0x000000ce                timer1init
                0x000001d4                UART1_SendByte
                0x0000058c                IMUFreeRun
                0x000001ec                UART1_Send16bits
                0x000001e4                UART0_SendByte
                0x00000212                SPI_MasterTransmit
                0x000001c2                UART1_vInit
                0x00000208                SPI_Master_Init
 .text          0x00000b78        0x0 c:/winavr-20090313/bin/../lib/gcc/avr/4.3.2/avr51\libgcc.a(_divmodhi4.o)
 .text          0x00000b78        0x0 c:/winavr-20090313/bin/../lib/gcc/avr/4.3.2/avr51\libgcc.a(_exit.o)
 .text          0x00000b78        0x0 c:/winavr-20090313/bin/../lib/gcc/avr/4.3.2/avr51\libgcc.a(_clear_bss.o)
 .text          0x00000b78       0x60 c:/winavr-20090313/bin/../lib/gcc/avr/4.3.2/avr51\libgcc.a(_lt_sf.o)
                0x00000b78                __ltsf2
 .text          0x00000bd8       0xbc c:/winavr-20090313/bin/../lib/gcc/avr/4.3.2/avr51\libgcc.a(_si_to_sf.o)
                0x00000bd8                __floatsisf
 .text          0x00000c94        0x0 c:/winavr-20090313/bin/../lib/gcc/avr/4.3.2/avr51\libgcc.a(_udivmodhi4.o)
 .text          0x00000c94        0x0 c:/winavr-20090313/bin/../lib/gcc/avr/4.3.2/avr51\libgcc.a(_prologue.o)
 .text          0x00000c94        0x0 c:/winavr-20090313/bin/../lib/gcc/avr/4.3.2/avr51\libgcc.a(_epilogue.o)
 .text          0x00000c94       0x9e c:/winavr-20090313/bin/../lib/gcc/avr/4.3.2/avr51\libgcc.a(_clzsi2.o)
                0x00000c94                __clzsi2
 .text          0x00000d32      0x1aa c:/winavr-20090313/bin/../lib/gcc/avr/4.3.2/avr51\libgcc.a(_pack_sf.o)
                0x00000d32                __pack_f
 .text          0x00000edc       0xf0 c:/winavr-20090313/bin/../lib/gcc/avr/4.3.2/avr51\libgcc.a(_unpack_sf.o)
                0x00000edc                __unpack_f
 .text          0x00000fcc       0xb2 c:/winavr-20090313/bin/../lib/gcc/avr/4.3.2/avr51\libgcc.a(_fpcmp_parts_sf.o)
                0x00000fcc                __fpcmp_parts_f
 .text          0x0000107e        0x0 c:/winavr-20090313/bin/../lib/gcc/avr/4.3.2/avr51\libgcc.a(_clz.o)
                0x0000107e                . = ALIGN (0x2)
 *(.text.*)
 .text.libgcc   0x0000107e       0x26 c:/winavr-20090313/bin/../lib/gcc/avr/4.3.2/avr51\libgcc.a(_divmodhi4.o)
                0x0000107e                __divmodhi4
                0x0000107e                _div
 .text.libgcc   0x000010a4        0x0 c:/winavr-20090313/bin/../lib/gcc/avr/4.3.2/avr51\libgcc.a(_exit.o)
 .text.libgcc   0x000010a4        0x0 c:/winavr-20090313/bin/../lib/gcc/avr/4.3.2/avr51\libgcc.a(_clear_bss.o)
 .text.libgcc   0x000010a4       0x28 c:/winavr-20090313/bin/../lib/gcc/avr/4.3.2/avr51\libgcc.a(_udivmodhi4.o)
                0x000010a4                __udivmodhi4
 .text.libgcc   0x000010cc       0x38 c:/winavr-20090313/bin/../lib/gcc/avr/4.3.2/avr51\libgcc.a(_prologue.o)
                0x000010cc                __prologue_saves__
 .text.libgcc   0x00001104       0x36 c:/winavr-20090313/bin/../lib/gcc/avr/4.3.2/avr51\libgcc.a(_epilogue.o)
                0x00001104                __epilogue_restores__
                0x0000113a                . = ALIGN (0x2)
 *(.fini9)
 .fini9         0x0000113a        0x0 c:/winavr-20090313/bin/../lib/gcc/avr/4.3.2/avr51\libgcc.a(_exit.o)
                0x0000113a                exit
                0x0000113a                _exit
 *(.fini9)
 *(.fini8)
 *(.fini8)
 *(.fini7)
 *(.fini7)
 *(.fini6)
 *(.fini6)
 *(.fini5)
 *(.fini5)
 *(.fini4)
 *(.fini4)
 *(.fini3)
 *(.fini3)
 *(.fini2)
 *(.fini2)
 *(.fini1)
 *(.fini1)
 *(.fini0)
 .fini0         0x0000113a        0x4 c:/winavr-20090313/bin/../lib/gcc/avr/4.3.2/avr51\libgcc.a(_exit.o)
 *(.fini0)
                0x0000113e                _etext = .

.data           0x00800100      0x106 load address 0x0000113e
                0x00800100                PROVIDE (__data_start, .)
 *(.data)
 .data          0x00800100        0x0 c:/winavr-20090313/bin/../lib/gcc/avr/4.3.2/../../../../avr/lib/avr51/crtm128.o
 .data          0x00800100        0x5 AHNS_DS.o
                0x00800100                SYNC1
                0x00800102                SYNC3
                0x00800101                SYNC2
                0x00800103                SYNC4
                0x00800104                CRC
 .data          0x00800105        0x0 c:/winavr-20090313/bin/../lib/gcc/avr/4.3.2/avr51\libgcc.a(_divmodhi4.o)
 .data          0x00800105        0x0 c:/winavr-20090313/bin/../lib/gcc/avr/4.3.2/avr51\libgcc.a(_exit.o)
 .data          0x00800105        0x0 c:/winavr-20090313/bin/../lib/gcc/avr/4.3.2/avr51\libgcc.a(_clear_bss.o)
 .data          0x00800105        0x0 c:/winavr-20090313/bin/../lib/gcc/avr/4.3.2/avr51\libgcc.a(_lt_sf.o)
 .data          0x00800105        0x0 c:/winavr-20090313/bin/../lib/gcc/avr/4.3.2/avr51\libgcc.a(_si_to_sf.o)
 .data          0x00800105        0x0 c:/winavr-20090313/bin/../lib/gcc/avr/4.3.2/avr51\libgcc.a(_udivmodhi4.o)
 .data          0x00800105        0x0 c:/winavr-20090313/bin/../lib/gcc/avr/4.3.2/avr51\libgcc.a(_prologue.o)
 .data          0x00800105        0x0 c:/winavr-20090313/bin/../lib/gcc/avr/4.3.2/avr51\libgcc.a(_epilogue.o)
 .data          0x00800105        0x0 c:/winavr-20090313/bin/../lib/gcc/avr/4.3.2/avr51\libgcc.a(_clzsi2.o)
 .data          0x00800105        0x0 c:/winavr-20090313/bin/../lib/gcc/avr/4.3.2/avr51\libgcc.a(_pack_sf.o)
 .data          0x00800105        0x0 c:/winavr-20090313/bin/../lib/gcc/avr/4.3.2/avr51\libgcc.a(_unpack_sf.o)
 .data          0x00800105        0x0 c:/winavr-20090313/bin/../lib/gcc/avr/4.3.2/avr51\libgcc.a(_fpcmp_parts_sf.o)
 .data          0x00800105      0x100 c:/winavr-20090313/bin/../lib/gcc/avr/4.3.2/avr51\libgcc.a(_clz.o)
                0x00800105                __clz_tab
 *(.data*)
 *(.rodata)
 *(.rodata*)
 *(.gnu.linkonce.d*)
                0x00800206                . = ALIGN (0x2)
 *fill*         0x00800205        0x1 00
                0x00800206                _edata = .
                0x00800206                PROVIDE (__data_end, .)

.bss            0x00800206       0x50
                0x00800206                PROVIDE (__bss_start, .)
 *(.bss)
 .bss           0x00800206        0x0 c:/winavr-20090313/bin/../lib/gcc/avr/4.3.2/../../../../avr/lib/avr51/crtm128.o
 .bss           0x00800206       0x2b AHNS_DS.o
                0x0080021b                Zgyr
                0x0080022d                timer
                0x0080020d                TSTAMP4
                0x00800219                Ygyr
                0x0080021f                Ytem
                0x0080020b                TSTAMP2
                0x00800213                Yacc
                0x00800208                Byte
                0x0080020f                BATL
                0x0080022b                PacketCount
                0x00800206                i
                0x0080020c                TSTAMP3
                0x0080020a                TSTAMP1
                0x00800227                GoodChar
                0x00800229                Stat
                0x00800217                Xgyr
                0x00800221                Ztem
                0x00800223                Alt
                0x00800215                Zacc
                0x0080020e                ALT
                0x0080022f                timer_overflow
                0x00800211                Xacc
                0x00800225                BadChar
                0x0080021d                Xtem
 .bss           0x00800231        0x0 c:/winavr-20090313/bin/../lib/gcc/avr/4.3.2/avr51\libgcc.a(_divmodhi4.o)
 .bss           0x00800231        0x0 c:/winavr-20090313/bin/../lib/gcc/avr/4.3.2/avr51\libgcc.a(_exit.o)
 .bss           0x00800231        0x0 c:/winavr-20090313/bin/../lib/gcc/avr/4.3.2/avr51\libgcc.a(_clear_bss.o)
 .bss           0x00800231        0x0 c:/winavr-20090313/bin/../lib/gcc/avr/4.3.2/avr51\libgcc.a(_lt_sf.o)
 .bss           0x00800231        0x0 c:/winavr-20090313/bin/../lib/gcc/avr/4.3.2/avr51\libgcc.a(_si_to_sf.o)
 .bss           0x00800231        0x0 c:/winavr-20090313/bin/../lib/gcc/avr/4.3.2/avr51\libgcc.a(_udivmodhi4.o)
 .bss           0x00800231        0x0 c:/winavr-20090313/bin/../lib/gcc/avr/4.3.2/avr51\libgcc.a(_prologue.o)
 .bss           0x00800231        0x0 c:/winavr-20090313/bin/../lib/gcc/avr/4.3.2/avr51\libgcc.a(_epilogue.o)
 .bss           0x00800231        0x0 c:/winavr-20090313/bin/../lib/gcc/avr/4.3.2/avr51\libgcc.a(_clzsi2.o)
 .bss           0x00800231        0x0 c:/winavr-20090313/bin/../lib/gcc/avr/4.3.2/avr51\libgcc.a(_pack_sf.o)
 .bss           0x00800231        0x0 c:/winavr-20090313/bin/../lib/gcc/avr/4.3.2/avr51\libgcc.a(_unpack_sf.o)
 .bss           0x00800231        0x0 c:/winavr-20090313/bin/../lib/gcc/avr/4.3.2/avr51\libgcc.a(_fpcmp_parts_sf.o)
 .bss           0x00800231        0x0 c:/winavr-20090313/bin/../lib/gcc/avr/4.3.2/avr51\libgcc.a(_clz.o)
 *(.bss*)
 *(COMMON)
 COMMON         0x00800231       0x25 AHNS_DS.o
                0x00800231                ChkChar1
                0x00800232                ChkChar0
                0x00800233                Data
                0x00800234                tempChar
                0x00800235                tempc
                0x00800256                PROVIDE (__bss_end, .)
                0x0000113e                __data_load_start = LOADADDR (.data)
                0x00001244                __data_load_end = (__data_load_start + SIZEOF (.data))

.noinit         0x00800256        0x0
                0x00800256                PROVIDE (__noinit_start, .)
 *(.noinit*)
                0x00800256                PROVIDE (__noinit_end, .)
                0x00800256                _end = .
                0x00800256                PROVIDE (__heap_start, .)

.eeprom         0x00810000        0x0
 *(.eeprom*)
                0x00810000                __eeprom_end = .

.fuse
 *(.fuse)
 *(.lfuse)
 *(.hfuse)
 *(.efuse)

.lock
 *(.lock*)

.signature
 *(.signature*)

.stab
 *(.stab)

.stabstr
 *(.stabstr)

.stab.excl
 *(.stab.excl)

.stab.exclstr
 *(.stab.exclstr)

.stab.index
 *(.stab.index)

.stab.indexstr
 *(.stab.indexstr)

.comment
 *(.comment)

.debug
 *(.debug)

.line
 *(.line)

.debug_srcinfo
 *(.debug_srcinfo)

.debug_sfnames
 *(.debug_sfnames)

.debug_aranges  0x00000000       0x20
 *(.debug_aranges)
 .debug_aranges
                0x00000000       0x20 AHNS_DS.o

.debug_pubnames
                0x00000000      0x2e7
 *(.debug_pubnames)
 .debug_pubnames
                0x00000000      0x2e7 AHNS_DS.o

.debug_info     0x00000000     0x11d7
 *(.debug_info)
 .debug_info    0x00000000     0x11d7 AHNS_DS.o
 *(.gnu.linkonce.wi.*)

.debug_abbrev   0x00000000      0x2c1
 *(.debug_abbrev)
 .debug_abbrev  0x00000000      0x2c1 AHNS_DS.o

.debug_line     0x00000000      0xdd1
 *(.debug_line)
 .debug_line    0x00000000      0xdd1 AHNS_DS.o

.debug_frame    0x00000000      0x170
 *(.debug_frame)
 .debug_frame   0x00000000      0x170 AHNS_DS.o

.debug_str      0x00000000      0x2d9
 *(.debug_str)
 .debug_str     0x00000000      0x2d9 AHNS_DS.o
                                0x327 (size before relaxing)

.debug_loc      0x00000000      0x14d
 *(.debug_loc)
 .debug_loc     0x00000000      0x14d AHNS_DS.o

.debug_macinfo
 *(.debug_macinfo)
OUTPUT(AHNS_DS.elf elf32-avr)
LOAD linker stubs
