Archive member included because of file (symbol)

/usr/lib/gcc/avr/4.2.1/avr5/libgcc.a(_exit.o)
                              main.o (exit)
/usr/lib/gcc/avr/4.2.1/avr5/libgcc.a(_clear_bss.o)
                              main.o (__do_clear_bss)
/usr/lib/gcc/avr/4.2.1/../../../../avr/lib/avr5/libc.a(fdevopen.o)
                              main.o (fdevopen)
/usr/lib/gcc/avr/4.2.1/../../../../avr/lib/avr5/libc.a(iob.o)
                              /usr/lib/gcc/avr/4.2.1/../../../../avr/lib/avr5/libc.a(fdevopen.o) (__iob)
/usr/lib/gcc/avr/4.2.1/../../../../avr/lib/avr5/libc.a(printf.o)
                              main.o (printf)
/usr/lib/gcc/avr/4.2.1/../../../../avr/lib/avr5/libc.a(vfprintf_std.o)
                              /usr/lib/gcc/avr/4.2.1/../../../../avr/lib/avr5/libc.a(printf.o) (vfprintf)
/usr/lib/gcc/avr/4.2.1/../../../../avr/lib/avr5/libc.a(calloc.o)
                              /usr/lib/gcc/avr/4.2.1/../../../../avr/lib/avr5/libc.a(fdevopen.o) (calloc)
/usr/lib/gcc/avr/4.2.1/../../../../avr/lib/avr5/libc.a(malloc.o)
                              /usr/lib/gcc/avr/4.2.1/../../../../avr/lib/avr5/libc.a(calloc.o) (malloc)
/usr/lib/gcc/avr/4.2.1/../../../../avr/lib/avr5/libc.a(strlen_P.o)
                              /usr/lib/gcc/avr/4.2.1/../../../../avr/lib/avr5/libc.a(vfprintf_std.o) (strlen_P)
/usr/lib/gcc/avr/4.2.1/../../../../avr/lib/avr5/libc.a(strnlen_P.o)
                              /usr/lib/gcc/avr/4.2.1/../../../../avr/lib/avr5/libc.a(vfprintf_std.o) (strnlen_P)
/usr/lib/gcc/avr/4.2.1/../../../../avr/lib/avr5/libc.a(memset.o)
                              /usr/lib/gcc/avr/4.2.1/../../../../avr/lib/avr5/libc.a(calloc.o) (memset)
/usr/lib/gcc/avr/4.2.1/../../../../avr/lib/avr5/libc.a(strnlen.o)
                              /usr/lib/gcc/avr/4.2.1/../../../../avr/lib/avr5/libc.a(vfprintf_std.o) (strnlen)
/usr/lib/gcc/avr/4.2.1/../../../../avr/lib/avr5/libc.a(fputc.o)
                              /usr/lib/gcc/avr/4.2.1/../../../../avr/lib/avr5/libc.a(vfprintf_std.o) (fputc)
/usr/lib/gcc/avr/4.2.1/avr5/libgcc.a(_udivmodsi4.o)
                              /usr/lib/gcc/avr/4.2.1/../../../../avr/lib/avr5/libc.a(vfprintf_std.o) (__udivmodsi4)

Allocating common symbols
Common symbol       size              file

gUart0TxBuf         0x82              UART.o
__brkval            0x2               /usr/lib/gcc/avr/4.2.1/../../../../avr/lib/avr5/libc.a(malloc.o)
gUart0RxBuf         0x82              UART.o
__flp               0x2               /usr/lib/gcc/avr/4.2.1/../../../../avr/lib/avr5/libc.a(malloc.o)
__iob               0x6               /usr/lib/gcc/avr/4.2.1/../../../../avr/lib/avr5/libc.a(iob.o)

Discarded input sections

 .stabstr       0x00000000        0x0 /usr/lib/gcc/avr/4.2.1/../../../../avr/lib/avr5/crtm128.o
 .stabstr       0x00000000        0x0 /usr/lib/gcc/avr/4.2.1/../../../../avr/lib/avr5/libc.a(fdevopen.o)
 .stabstr       0x00000000        0x0 /usr/lib/gcc/avr/4.2.1/../../../../avr/lib/avr5/libc.a(iob.o)
 .stabstr       0x00000000        0x0 /usr/lib/gcc/avr/4.2.1/../../../../avr/lib/avr5/libc.a(printf.o)
 .stabstr       0x00000000        0x0 /usr/lib/gcc/avr/4.2.1/../../../../avr/lib/avr5/libc.a(vfprintf_std.o)
 .stabstr       0x00000000        0x0 /usr/lib/gcc/avr/4.2.1/../../../../avr/lib/avr5/libc.a(calloc.o)
 .stabstr       0x00000000        0x0 /usr/lib/gcc/avr/4.2.1/../../../../avr/lib/avr5/libc.a(malloc.o)
 .stabstr       0x00000000        0x0 /usr/lib/gcc/avr/4.2.1/../../../../avr/lib/avr5/libc.a(strlen_P.o)
 .stabstr       0x00000000        0x0 /usr/lib/gcc/avr/4.2.1/../../../../avr/lib/avr5/libc.a(strnlen_P.o)
 .stabstr       0x00000000        0x0 /usr/lib/gcc/avr/4.2.1/../../../../avr/lib/avr5/libc.a(memset.o)
 .stabstr       0x00000000        0x0 /usr/lib/gcc/avr/4.2.1/../../../../avr/lib/avr5/libc.a(strnlen.o)
 .stabstr       0x00000000        0x0 /usr/lib/gcc/avr/4.2.1/../../../../avr/lib/avr5/libc.a(fputc.o)

Memory Configuration

Name             Origin             Length             Attributes
text             0x00000000         0x00020000         xr
data             0x00800060         0x0000ffa0         rw !x
eeprom           0x00810000         0x00010000         rw !x
*default*        0x00000000         0xffffffff

Linker script and memory map

Address of section .data set to 0x800100
LOAD /usr/lib/gcc/avr/4.2.1/../../../../avr/lib/avr5/crtm128.o
LOAD main.o
LOAD Hardware.o
LOAD Timer.o
LOAD UART.o
LOAD /usr/lib/gcc/avr/4.2.1/avr5/libgcc.a
LOAD /usr/lib/gcc/avr/4.2.1/../../../../avr/lib/avr5/libc.a
LOAD /usr/lib/gcc/avr/4.2.1/avr5/libgcc.a

.hash
 *(.hash)

.dynsym
 *(.dynsym)

.dynstr
 *(.dynstr)

.gnu.version
 *(.gnu.version)

.gnu.version_d
 *(.gnu.version_d)

.gnu.version_r
 *(.gnu.version_r)

.rel.init
 *(.rel.init)

.rela.init
 *(.rela.init)

.rel.text
 *(.rel.text)
 *(.rel.text.*)
 *(.rel.gnu.linkonce.t*)

.rela.text
 *(.rela.text)
 *(.rela.text.*)
 *(.rela.gnu.linkonce.t*)

.rel.fini
 *(.rel.fini)

.rela.fini
 *(.rela.fini)

.rel.rodata
 *(.rel.rodata)
 *(.rel.rodata.*)
 *(.rel.gnu.linkonce.r*)

.rela.rodata
 *(.rela.rodata)
 *(.rela.rodata.*)
 *(.rela.gnu.linkonce.r*)

.rel.data
 *(.rel.data)
 *(.rel.data.*)
 *(.rel.gnu.linkonce.d*)

.rela.data
 *(.rela.data)
 *(.rela.data.*)
 *(.rela.gnu.linkonce.d*)

.rel.ctors
 *(.rel.ctors)

.rela.ctors
 *(.rela.ctors)

.rel.dtors
 *(.rel.dtors)

.rela.dtors
 *(.rela.dtors)

.rel.got
 *(.rel.got)

.rela.got
 *(.rela.got)

.rel.bss
 *(.rel.bss)

.rela.bss
 *(.rela.bss)

.rel.plt
 *(.rel.plt)

.rela.plt
 *(.rela.plt)

.text           0x00000000      0xdac
 *(.vectors)
 .vectors       0x00000000       0x8c /usr/lib/gcc/avr/4.2.1/../../../../avr/lib/avr5/crtm128.o
                0x00000000                __vectors
                0x00000000                __vector_default
 *(.vectors)
                0x0000008c                __ctors_start = .
 *(.ctors)
                0x0000008c                __ctors_end = .
                0x0000008c                __dtors_start = .
 *(.dtors)
                0x0000008c                __dtors_end = .
 SORT(*)(.ctors)
 SORT(*)(.dtors)
 *(.progmem.gcc*)
 *(.progmem*)
                0x0000008c                . = ALIGN (0x2)
 *(.jumptables)
 *(.jumptables*)
 *(.lowtext)
 *(.lowtext*)
 *(.init0)
 .init0         0x0000008c        0x0 /usr/lib/gcc/avr/4.2.1/../../../../avr/lib/avr5/crtm128.o
                0x0000008c                __init
 *(.init0)
 *(.init1)
 *(.init1)
 *(.init2)
 .init2         0x0000008c        0xc /usr/lib/gcc/avr/4.2.1/../../../../avr/lib/avr5/crtm128.o
 *(.init2)
 *(.init3)
 *(.init3)
 *(.init4)
 .init4         0x00000098       0x1a /usr/lib/gcc/avr/4.2.1/../../../../avr/lib/avr5/crtm128.o
                0x00000098                __do_copy_data
 .init4         0x000000b2       0x10 /usr/lib/gcc/avr/4.2.1/avr5/libgcc.a(_clear_bss.o)
                0x000000b2                __do_clear_bss
 *(.init4)
 *(.init5)
 *(.init5)
 *(.init6)
 *(.init6)
 *(.init7)
 *(.init7)
 *(.init8)
 *(.init8)
 *(.init9)
 .init9         0x000000c2        0x4 /usr/lib/gcc/avr/4.2.1/../../../../avr/lib/avr5/crtm128.o
 *(.init9)
 *(.text)
 .text          0x000000c6        0x4 /usr/lib/gcc/avr/4.2.1/../../../../avr/lib/avr5/crtm128.o
                0x000000c6                __vector_22
                0x000000c6                __vector_28
                0x000000c6                __vector_1
                0x000000c6                __vector_32
                0x000000c6                __vector_34
                0x000000c6                __vector_24
                0x000000c6                __vector_12
                0x000000c6                __bad_interrupt
                0x000000c6                __vector_6
                0x000000c6                __vector_31
                0x000000c6                __vector_3
                0x000000c6                __vector_23
                0x000000c6                __vector_30
                0x000000c6                __vector_25
                0x000000c6                __vector_11
                0x000000c6                __vector_13
                0x000000c6                __vector_17
                0x000000c6                __vector_7
                0x000000c6                __vector_27
                0x000000c6                __vector_5
                0x000000c6                __vector_33
                0x000000c6                __vector_4
                0x000000c6                __vector_9
                0x000000c6                __vector_2
                0x000000c6                __vector_21
                0x000000c6                __vector_15
                0x000000c6                __vector_29
                0x000000c6                __vector_8
                0x000000c6                __vector_26
                0x000000c6                __vector_14
                0x000000c6                __vector_10
                0x000000c6                __vector_20
 .text          0x000000ca      0x170 main.o
                0x0000017c                Slave_Receive_IntContr
                0x000000ca                ISR_SPI
                0x0000010a                Init_Slave
                0x0000019c                Slave_Receive
                0x00000212                main
                0x00000142                Init_Slave_IntContr
 .text          0x0000023a       0x54 Hardware.o
                0x0000023a                InitHardware
 .text          0x0000028e       0x6a Timer.o
                0x000002e0                WaitForTimer0Rollover
                0x000002d2                InitTimer
                0x0000028e                __vector_16
 .text          0x000002f8      0x154 UART.o
                0x000003be                UART0_GetCharStdio
                0x00000396                UART0_GetChar
                0x0000042c                UART0_Write
                0x000003c4                UART0_PutChar
                0x00000348                __vector_19
                0x00000408                UART0_PutStr
                0x00000402                UART0_PutCharStdio
                0x000002f8                __vector_18
 .text          0x0000044c        0x0 /usr/lib/gcc/avr/4.2.1/avr5/libgcc.a(_exit.o)
 .text          0x0000044c        0x0 /usr/lib/gcc/avr/4.2.1/avr5/libgcc.a(_clear_bss.o)
 .text          0x0000044c       0xa0 /usr/lib/gcc/avr/4.2.1/../../../../avr/lib/avr5/libc.a(fdevopen.o)
                0x0000044c                fdevopen
 .text          0x000004ec        0x0 /usr/lib/gcc/avr/4.2.1/../../../../avr/lib/avr5/libc.a(iob.o)
 .text          0x000004ec       0x40 /usr/lib/gcc/avr/4.2.1/../../../../avr/lib/avr5/libc.a(printf.o)
                0x000004ec                printf
 .text          0x0000052c      0x56a /usr/lib/gcc/avr/4.2.1/../../../../avr/lib/avr5/libc.a(vfprintf_std.o)
                0x0000052c                vfprintf
 .text          0x00000a96       0x38 /usr/lib/gcc/avr/4.2.1/../../../../avr/lib/avr5/libc.a(calloc.o)
                0x00000a96                calloc
 .text          0x00000ace      0x1f2 /usr/lib/gcc/avr/4.2.1/../../../../avr/lib/avr5/libc.a(malloc.o)
                0x00000ace                malloc
                0x00000c14                free
 .text          0x00000cc0       0x12 /usr/lib/gcc/avr/4.2.1/../../../../avr/lib/avr5/libc.a(strlen_P.o)
                0x00000cc0                strlen_P
 .text          0x00000cd2       0x16 /usr/lib/gcc/avr/4.2.1/../../../../avr/lib/avr5/libc.a(strnlen_P.o)
                0x00000cd2                strnlen_P
 .text          0x00000ce8        0xe /usr/lib/gcc/avr/4.2.1/../../../../avr/lib/avr5/libc.a(memset.o)
                0x00000ce8                memset
 .text          0x00000cf6       0x16 /usr/lib/gcc/avr/4.2.1/../../../../avr/lib/avr5/libc.a(strnlen.o)
                0x00000cf6                strnlen
 .text          0x00000d0c       0x5a /usr/lib/gcc/avr/4.2.1/../../../../avr/lib/avr5/libc.a(fputc.o)
                0x00000d0c                fputc
 .text          0x00000d66        0x0 /usr/lib/gcc/avr/4.2.1/avr5/libgcc.a(_udivmodsi4.o)
                0x00000d66                . = ALIGN (0x2)
 *(.text.*)
 .text.libgcc   0x00000d66        0x0 /usr/lib/gcc/avr/4.2.1/avr5/libgcc.a(_exit.o)
 .text.libgcc   0x00000d66        0x0 /usr/lib/gcc/avr/4.2.1/avr5/libgcc.a(_clear_bss.o)
 .text.libgcc   0x00000d66       0x44 /usr/lib/gcc/avr/4.2.1/avr5/libgcc.a(_udivmodsi4.o)
                0x00000d66                __udivmodsi4
                0x00000daa                . = ALIGN (0x2)
 *(.fini9)
 .fini9         0x00000daa        0x0 /usr/lib/gcc/avr/4.2.1/avr5/libgcc.a(_exit.o)
                0x00000daa                exit
                0x00000daa                _exit
 *(.fini9)
 *(.fini8)
 *(.fini8)
 *(.fini7)
 *(.fini7)
 *(.fini6)
 *(.fini6)
 *(.fini5)
 *(.fini5)
 *(.fini4)
 *(.fini4)
 *(.fini3)
 *(.fini3)
 *(.fini2)
 *(.fini2)
 *(.fini1)
 *(.fini1)
 *(.fini0)
 .fini0         0x00000daa        0x2 /usr/lib/gcc/avr/4.2.1/avr5/libgcc.a(_exit.o)
 *(.fini0)
                0x00000dac                _etext = .

.data           0x00800100       0x34 load address 0x00000dac
                0x00800100                PROVIDE (__data_start, .)
 *(.data)
 .data          0x00800100        0x0 /usr/lib/gcc/avr/4.2.1/../../../../avr/lib/avr5/crtm128.o
 .data          0x00800100       0x2d main.o
                0x0080012b                TextString
 .data          0x0080012d        0x0 Hardware.o
 .data          0x0080012d        0x0 Timer.o
 .data          0x0080012d        0x0 UART.o
 .data          0x0080012d        0x0 /usr/lib/gcc/avr/4.2.1/avr5/libgcc.a(_exit.o)
 .data          0x0080012d        0x0 /usr/lib/gcc/avr/4.2.1/avr5/libgcc.a(_clear_bss.o)
 .data          0x0080012d        0x0 /usr/lib/gcc/avr/4.2.1/../../../../avr/lib/avr5/libc.a(fdevopen.o)
 .data          0x0080012d        0x0 /usr/lib/gcc/avr/4.2.1/../../../../avr/lib/avr5/libc.a(iob.o)
 .data          0x0080012d        0x0 /usr/lib/gcc/avr/4.2.1/../../../../avr/lib/avr5/libc.a(printf.o)
 .data          0x0080012d        0x0 /usr/lib/gcc/avr/4.2.1/../../../../avr/lib/avr5/libc.a(vfprintf_std.o)
 .data          0x0080012d        0x0 /usr/lib/gcc/avr/4.2.1/../../../../avr/lib/avr5/libc.a(calloc.o)
 .data          0x0080012d        0x6 /usr/lib/gcc/avr/4.2.1/../../../../avr/lib/avr5/libc.a(malloc.o)
                0x0080012f                __malloc_heap_start
                0x00800131                __malloc_heap_end
                0x0080012d                __malloc_margin
 .data          0x00800133        0x0 /usr/lib/gcc/avr/4.2.1/../../../../avr/lib/avr5/libc.a(strlen_P.o)
 .data          0x00800133        0x0 /usr/lib/gcc/avr/4.2.1/../../../../avr/lib/avr5/libc.a(strnlen_P.o)
 .data          0x00800133        0x0 /usr/lib/gcc/avr/4.2.1/../../../../avr/lib/avr5/libc.a(memset.o)
 .data          0x00800133        0x0 /usr/lib/gcc/avr/4.2.1/../../../../avr/lib/avr5/libc.a(strnlen.o)
 .data          0x00800133        0x0 /usr/lib/gcc/avr/4.2.1/../../../../avr/lib/avr5/libc.a(fputc.o)
 .data          0x00800133        0x0 /usr/lib/gcc/avr/4.2.1/avr5/libgcc.a(_udivmodsi4.o)
 *(.data*)
 *(.rodata)
 *(.rodata*)
 *(.gnu.linkonce.d*)
                0x00800134                . = ALIGN (0x2)
 *fill*         0x00800133        0x1 00
                0x00800134                _edata = .
                0x00800134                PROVIDE (__data_end, .)

.bss            0x00800134      0x112
                0x00800134                PROVIDE (__bss_start, .)
 *(.bss)
 .bss           0x00800134        0x0 /usr/lib/gcc/avr/4.2.1/../../../../avr/lib/avr5/crtm128.o
 .bss           0x00800134        0x1 main.o
                0x00800134                TransmitState
 .bss           0x00800135        0x0 Hardware.o
 .bss           0x00800135        0x3 Timer.o
                0x00800135                gTickCount
 .bss           0x00800138        0x0 UART.o
 .bss           0x00800138        0x0 /usr/lib/gcc/avr/4.2.1/avr5/libgcc.a(_exit.o)
 .bss           0x00800138        0x0 /usr/lib/gcc/avr/4.2.1/avr5/libgcc.a(_clear_bss.o)
 .bss           0x00800138        0x0 /usr/lib/gcc/avr/4.2.1/../../../../avr/lib/avr5/libc.a(fdevopen.o)
 .bss           0x00800138        0x0 /usr/lib/gcc/avr/4.2.1/../../../../avr/lib/avr5/libc.a(iob.o)
 .bss           0x00800138        0x0 /usr/lib/gcc/avr/4.2.1/../../../../avr/lib/avr5/libc.a(printf.o)
 .bss           0x00800138        0x0 /usr/lib/gcc/avr/4.2.1/../../../../avr/lib/avr5/libc.a(vfprintf_std.o)
 .bss           0x00800138        0x0 /usr/lib/gcc/avr/4.2.1/../../../../avr/lib/avr5/libc.a(calloc.o)
 .bss           0x00800138        0x0 /usr/lib/gcc/avr/4.2.1/../../../../avr/lib/avr5/libc.a(malloc.o)
 .bss           0x00800138        0x0 /usr/lib/gcc/avr/4.2.1/../../../../avr/lib/avr5/libc.a(strlen_P.o)
 .bss           0x00800138        0x0 /usr/lib/gcc/avr/4.2.1/../../../../avr/lib/avr5/libc.a(strnlen_P.o)
 .bss           0x00800138        0x0 /usr/lib/gcc/avr/4.2.1/../../../../avr/lib/avr5/libc.a(memset.o)
 .bss           0x00800138        0x0 /usr/lib/gcc/avr/4.2.1/../../../../avr/lib/avr5/libc.a(strnlen.o)
 .bss           0x00800138        0x0 /usr/lib/gcc/avr/4.2.1/../../../../avr/lib/avr5/libc.a(fputc.o)
 .bss           0x00800138        0x0 /usr/lib/gcc/avr/4.2.1/avr5/libgcc.a(_udivmodsi4.o)
 *(.bss*)
 *(COMMON)
 COMMON         0x00800138      0x104 UART.o
                0x00800138                gUart0TxBuf
                0x008001ba                gUart0RxBuf
 COMMON         0x0080023c        0x6 /usr/lib/gcc/avr/4.2.1/../../../../avr/lib/avr5/libc.a(iob.o)
                0x0080023c                __iob
 COMMON         0x00800242        0x4 /usr/lib/gcc/avr/4.2.1/../../../../avr/lib/avr5/libc.a(malloc.o)
                0x00800242                __brkval
                0x00800244                __flp
                0x00800246                PROVIDE (__bss_end, .)
                0x00000dac                __data_load_start = LOADADDR (.data)
                0x00000de0                __data_load_end = (__data_load_start + SIZEOF (.data))

.noinit         0x00800246        0x0
                0x00800246                PROVIDE (__noinit_start, .)
 *(.noinit*)
                0x00800246                PROVIDE (__noinit_end, .)
                0x00800246                _end = .
                0x00800246                PROVIDE (__heap_start, .)

.eeprom         0x00810000        0x0
 *(.eeprom*)
                0x00810000                __eeprom_end = .

.stab           0x00000000     0x1db8
 *(.stab)
 .stab          0x00000000      0x408 /usr/lib/gcc/avr/4.2.1/../../../../avr/lib/avr5/crtm128.o
 .stab          0x00000408      0x498 /usr/lib/gcc/avr/4.2.1/../../../../avr/lib/avr5/libc.a(fdevopen.o)
                                0x4a4 (size before relaxing)
 .stab          0x000008a0      0x12c /usr/lib/gcc/avr/4.2.1/../../../../avr/lib/avr5/libc.a(iob.o)
                                0x30c (size before relaxing)
 .stab          0x000009cc      0x1b0 /usr/lib/gcc/avr/4.2.1/../../../../avr/lib/avr5/libc.a(printf.o)
                                0x390 (size before relaxing)
 .stab          0x00000b7c      0x768 /usr/lib/gcc/avr/4.2.1/../../../../avr/lib/avr5/libc.a(vfprintf_std.o)
                                0x990 (size before relaxing)
 .stab          0x000012e4      0x1bc /usr/lib/gcc/avr/4.2.1/../../../../avr/lib/avr5/libc.a(calloc.o)
                                0x1f8 (size before relaxing)
 .stab          0x000014a0      0x51c /usr/lib/gcc/avr/4.2.1/../../../../avr/lib/avr5/libc.a(malloc.o)
                                0x6fc (size before relaxing)
 .stab          0x000019bc       0x84 /usr/lib/gcc/avr/4.2.1/../../../../avr/lib/avr5/libc.a(strlen_P.o)
                                 0x90 (size before relaxing)
 .stab          0x00001a40       0x9c /usr/lib/gcc/avr/4.2.1/../../../../avr/lib/avr5/libc.a(strnlen_P.o)
                                 0xa8 (size before relaxing)
 .stab          0x00001adc       0x6c /usr/lib/gcc/avr/4.2.1/../../../../avr/lib/avr5/libc.a(memset.o)
                                 0x78 (size before relaxing)
 .stab          0x00001b48       0x9c /usr/lib/gcc/avr/4.2.1/../../../../avr/lib/avr5/libc.a(strnlen.o)
                                 0xa8 (size before relaxing)
 .stab          0x00001be4      0x1d4 /usr/lib/gcc/avr/4.2.1/../../../../avr/lib/avr5/libc.a(fputc.o)
                                0x3b4 (size before relaxing)

.stabstr        0x00000000      0xf4a
 *(.stabstr)
 .stabstr       0x00000000      0xf4a /usr/lib/gcc/avr/4.2.1/../../../../avr/lib/avr5/crtm128.o

.stab.excl
 *(.stab.excl)

.stab.exclstr
 *(.stab.exclstr)

.stab.index
 *(.stab.index)

.stab.indexstr
 *(.stab.indexstr)

.comment
 *(.comment)

.debug
 *(.debug)

.line
 *(.line)

.debug_srcinfo
 *(.debug_srcinfo)

.debug_sfnames
 *(.debug_sfnames)

.debug_aranges
 *(.debug_aranges)

.debug_pubnames
 *(.debug_pubnames)

.debug_info
 *(.debug_info)
 *(.gnu.linkonce.wi.*)

.debug_abbrev
 *(.debug_abbrev)

.debug_line
 *(.debug_line)

.debug_frame
 *(.debug_frame)

.debug_str
 *(.debug_str)

.debug_loc
 *(.debug_loc)

.debug_macinfo
 *(.debug_macinfo)
OUTPUT(main.elf elf32-avr)
