Archive member included because of file (symbol)

/usr/lib/gcc/avr/4.2.1/avr5/libgcc.a(_clear_bss.o)
                              spi_main.o (__do_clear_bss)
/usr/lib/gcc/avr/4.2.1/../../../../avr/lib/avr5/libc.a(fdevopen.o)
                              spi_main.o (fdevopen)
/usr/lib/gcc/avr/4.2.1/../../../../avr/lib/avr5/libc.a(fputc.o)
                              spi_main.o (fputc)
/usr/lib/gcc/avr/4.2.1/../../../../avr/lib/avr5/libc.a(iob.o)
                              spi_main.o (__iob)
/usr/lib/gcc/avr/4.2.1/../../../../avr/lib/avr5/libc.a(printf.o)
                              spi_main.o (printf)
/usr/lib/gcc/avr/4.2.1/../../../../avr/lib/avr5/libc.a(vfprintf_std.o)
                              /usr/lib/gcc/avr/4.2.1/../../../../avr/lib/avr5/libc.a(printf.o) (vfprintf)
/usr/lib/gcc/avr/4.2.1/../../../../avr/lib/avr5/libc.a(calloc.o)
                              /usr/lib/gcc/avr/4.2.1/../../../../avr/lib/avr5/libc.a(fdevopen.o) (calloc)
/usr/lib/gcc/avr/4.2.1/../../../../avr/lib/avr5/libc.a(malloc.o)
                              /usr/lib/gcc/avr/4.2.1/../../../../avr/lib/avr5/libc.a(calloc.o) (malloc)
/usr/lib/gcc/avr/4.2.1/../../../../avr/lib/avr5/libc.a(strlen_P.o)
                              /usr/lib/gcc/avr/4.2.1/../../../../avr/lib/avr5/libc.a(vfprintf_std.o) (strlen_P)
/usr/lib/gcc/avr/4.2.1/../../../../avr/lib/avr5/libc.a(strnlen_P.o)
                              /usr/lib/gcc/avr/4.2.1/../../../../avr/lib/avr5/libc.a(vfprintf_std.o) (strnlen_P)
/usr/lib/gcc/avr/4.2.1/../../../../avr/lib/avr5/libc.a(memset.o)
                              /usr/lib/gcc/avr/4.2.1/../../../../avr/lib/avr5/libc.a(calloc.o) (memset)
/usr/lib/gcc/avr/4.2.1/../../../../avr/lib/avr5/libc.a(strnlen.o)
                              /usr/lib/gcc/avr/4.2.1/../../../../avr/lib/avr5/libc.a(vfprintf_std.o) (strnlen)
/usr/lib/gcc/avr/4.2.1/avr5/libgcc.a(_udivmodsi4.o)
                              /usr/lib/gcc/avr/4.2.1/../../../../avr/lib/avr5/libc.a(vfprintf_std.o) (__udivmodsi4)

Allocating common symbols
Common symbol       size              file

spi_buffer_input    0x2               spi_main.o
gUart0TxBuf         0x82              UART.o
__brkval            0x2               /usr/lib/gcc/avr/4.2.1/../../../../avr/lib/avr5/libc.a(malloc.o)
gUart0RxBuf         0x82              UART.o
__flp               0x2               /usr/lib/gcc/avr/4.2.1/../../../../avr/lib/avr5/libc.a(malloc.o)
__iob               0x6               /usr/lib/gcc/avr/4.2.1/../../../../avr/lib/avr5/libc.a(iob.o)

Discarded input sections

 .stabstr       0x00000000        0x0 /usr/lib/gcc/avr/4.2.1/../../../../avr/lib/avr5/crtm128.o
 .stabstr       0x00000000        0x0 /usr/lib/gcc/avr/4.2.1/../../../../avr/lib/avr5/libc.a(fdevopen.o)
 .stabstr       0x00000000        0x0 /usr/lib/gcc/avr/4.2.1/../../../../avr/lib/avr5/libc.a(fputc.o)
 .stabstr       0x00000000        0x0 /usr/lib/gcc/avr/4.2.1/../../../../avr/lib/avr5/libc.a(iob.o)
 .stabstr       0x00000000        0x0 /usr/lib/gcc/avr/4.2.1/../../../../avr/lib/avr5/libc.a(printf.o)
 .stabstr       0x00000000        0x0 /usr/lib/gcc/avr/4.2.1/../../../../avr/lib/avr5/libc.a(vfprintf_std.o)
 .stabstr       0x00000000        0x0 /usr/lib/gcc/avr/4.2.1/../../../../avr/lib/avr5/libc.a(calloc.o)
 .stabstr       0x00000000        0x0 /usr/lib/gcc/avr/4.2.1/../../../../avr/lib/avr5/libc.a(malloc.o)
 .stabstr       0x00000000        0x0 /usr/lib/gcc/avr/4.2.1/../../../../avr/lib/avr5/libc.a(strlen_P.o)
 .stabstr       0x00000000        0x0 /usr/lib/gcc/avr/4.2.1/../../../../avr/lib/avr5/libc.a(strnlen_P.o)
 .stabstr       0x00000000        0x0 /usr/lib/gcc/avr/4.2.1/../../../../avr/lib/avr5/libc.a(memset.o)
 .stabstr       0x00000000        0x0 /usr/lib/gcc/avr/4.2.1/../../../../avr/lib/avr5/libc.a(strnlen.o)

Memory Configuration

Name             Origin             Length             Attributes
text             0x00000000         0x00020000         xr
data             0x00800060         0x0000ffa0         rw !x
eeprom           0x00810000         0x00010000         rw !x
*default*        0x00000000         0xffffffff

Linker script and memory map

Address of section .data set to 0x800100
LOAD /usr/lib/gcc/avr/4.2.1/../../../../avr/lib/avr5/crtm128.o
LOAD spi_main.o
LOAD spi.o
LOAD Delay.o
LOAD Timer.o
LOAD UART.o
LOAD Hardware.o
LOAD /usr/lib/gcc/avr/4.2.1/avr5/libgcc.a
LOAD /usr/lib/gcc/avr/4.2.1/../../../../avr/lib/avr5/libc.a
LOAD /usr/lib/gcc/avr/4.2.1/avr5/libgcc.a

.hash
 *(.hash)

.dynsym
 *(.dynsym)

.dynstr
 *(.dynstr)

.gnu.version
 *(.gnu.version)

.gnu.version_d
 *(.gnu.version_d)

.gnu.version_r
 *(.gnu.version_r)

.rel.init
 *(.rel.init)

.rela.init
 *(.rela.init)

.rel.text
 *(.rel.text)
 *(.rel.text.*)
 *(.rel.gnu.linkonce.t*)

.rela.text
 *(.rela.text)
 *(.rela.text.*)
 *(.rela.gnu.linkonce.t*)

.rel.fini
 *(.rel.fini)

.rela.fini
 *(.rela.fini)

.rel.rodata
 *(.rel.rodata)
 *(.rel.rodata.*)
 *(.rel.gnu.linkonce.r*)

.rela.rodata
 *(.rela.rodata)
 *(.rela.rodata.*)
 *(.rela.gnu.linkonce.r*)

.rel.data
 *(.rel.data)
 *(.rel.data.*)
 *(.rel.gnu.linkonce.d*)

.rela.data
 *(.rela.data)
 *(.rela.data.*)
 *(.rela.gnu.linkonce.d*)

.rel.ctors
 *(.rel.ctors)

.rela.ctors
 *(.rela.ctors)

.rel.dtors
 *(.rel.dtors)

.rela.dtors
 *(.rela.dtors)

.rel.got
 *(.rel.got)

.rela.got
 *(.rela.got)

.rel.bss
 *(.rel.bss)

.rela.bss
 *(.rela.bss)

.rel.plt
 *(.rel.plt)

.rela.plt
 *(.rela.plt)

.text           0x00000000      0xdd0
 *(.vectors)
 .vectors       0x00000000       0x8c /usr/lib/gcc/avr/4.2.1/../../../../avr/lib/avr5/crtm128.o
                0x00000000                __vectors
                0x00000000                __vector_default
 *(.vectors)
                0x0000008c                __ctors_start = .
 *(.ctors)
                0x0000008c                __ctors_end = .
                0x0000008c                __dtors_start = .
 *(.dtors)
                0x0000008c                __dtors_end = .
 SORT(*)(.ctors)
 SORT(*)(.dtors)
 *(.progmem.gcc*)
 *(.progmem*)
                0x0000008c                . = ALIGN (0x2)
 *(.jumptables)
 *(.jumptables*)
 *(.lowtext)
 *(.lowtext*)
 *(.init0)
 .init0         0x0000008c        0x0 /usr/lib/gcc/avr/4.2.1/../../../../avr/lib/avr5/crtm128.o
                0x0000008c                __init
 *(.init0)
 *(.init1)
 *(.init1)
 *(.init2)
 .init2         0x0000008c        0xc /usr/lib/gcc/avr/4.2.1/../../../../avr/lib/avr5/crtm128.o
 *(.init2)
 *(.init3)
 *(.init3)
 *(.init4)
 .init4         0x00000098       0x1a /usr/lib/gcc/avr/4.2.1/../../../../avr/lib/avr5/crtm128.o
                0x00000098                __do_copy_data
 .init4         0x000000b2       0x10 /usr/lib/gcc/avr/4.2.1/avr5/libgcc.a(_clear_bss.o)
                0x000000b2                __do_clear_bss
 *(.init4)
 *(.init5)
 *(.init5)
 *(.init6)
 *(.init6)
 *(.init7)
 *(.init7)
 *(.init8)
 *(.init8)
 *(.init9)
 .init9         0x000000c2        0x4 /usr/lib/gcc/avr/4.2.1/../../../../avr/lib/avr5/crtm128.o
 *(.init9)
 *(.text)
 .text          0x000000c6        0x4 /usr/lib/gcc/avr/4.2.1/../../../../avr/lib/avr5/crtm128.o
                0x000000c6                __vector_22
                0x000000c6                __vector_28
                0x000000c6                __vector_1
                0x000000c6                __vector_32
                0x000000c6                __vector_34
                0x000000c6                __vector_24
                0x000000c6                __vector_12
                0x000000c6                __bad_interrupt
                0x000000c6                __vector_6
                0x000000c6                __vector_31
                0x000000c6                __vector_3
                0x000000c6                __vector_23
                0x000000c6                __vector_30
                0x000000c6                __vector_25
                0x000000c6                __vector_11
                0x000000c6                __vector_13
                0x000000c6                __vector_17
                0x000000c6                __vector_7
                0x000000c6                __vector_27
                0x000000c6                __vector_5
                0x000000c6                __vector_33
                0x000000c6                __vector_4
                0x000000c6                __vector_9
                0x000000c6                __vector_2
                0x000000c6                __vector_21
                0x000000c6                __vector_15
                0x000000c6                __vector_29
                0x000000c6                __vector_8
                0x000000c6                __vector_26
                0x000000c6                __vector_14
                0x000000c6                __vector_10
                0x000000c6                __vector_20
 .text          0x000000ca       0xae spi_main.o
                0x000000ca                main
 .text          0x00000178       0x38 spi.o
                0x00000192                SpiRead
                0x00000178                SpiSlaveInit
                0x00000186                SpiByte
 .text          0x000001b0       0xb0 Delay.o
                0x000001b0                ms_spin
                0x00000244                Delay100uSec
                0x000001f0                Delay1mSec
                0x000001d4                Delay100mSec
                0x00000228                Delay10uSec
                0x000001c2                us_spin
                0x0000020c                Delay10mSec
 .text          0x00000260       0x6a Timer.o
                0x000002b2                WaitForTimer0Rollover
                0x000002a4                InitTimer
                0x00000260                __vector_16
 .text          0x000002ca      0x154 UART.o
                0x00000390                UART0_GetCharStdio
                0x00000368                UART0_GetChar
                0x000003fe                UART0_Write
                0x00000396                UART0_PutChar
                0x0000031a                __vector_19
                0x000003da                UART0_PutStr
                0x000003d4                UART0_PutCharStdio
                0x000002ca                __vector_18
 .text          0x0000041e       0x54 Hardware.o
                0x0000041e                InitHardware
 .text          0x00000472        0x0 /usr/lib/gcc/avr/4.2.1/avr5/libgcc.a(_clear_bss.o)
 .text          0x00000472       0xa0 /usr/lib/gcc/avr/4.2.1/../../../../avr/lib/avr5/libc.a(fdevopen.o)
                0x00000472                fdevopen
 .text          0x00000512       0x5a /usr/lib/gcc/avr/4.2.1/../../../../avr/lib/avr5/libc.a(fputc.o)
                0x00000512                fputc
 .text          0x0000056c        0x0 /usr/lib/gcc/avr/4.2.1/../../../../avr/lib/avr5/libc.a(iob.o)
 .text          0x0000056c       0x40 /usr/lib/gcc/avr/4.2.1/../../../../avr/lib/avr5/libc.a(printf.o)
                0x0000056c                printf
 .text          0x000005ac      0x56a /usr/lib/gcc/avr/4.2.1/../../../../avr/lib/avr5/libc.a(vfprintf_std.o)
                0x000005ac                vfprintf
 .text          0x00000b16       0x38 /usr/lib/gcc/avr/4.2.1/../../../../avr/lib/avr5/libc.a(calloc.o)
                0x00000b16                calloc
 .text          0x00000b4e      0x1f2 /usr/lib/gcc/avr/4.2.1/../../../../avr/lib/avr5/libc.a(malloc.o)
                0x00000b4e                malloc
                0x00000c94                free
 .text          0x00000d40       0x12 /usr/lib/gcc/avr/4.2.1/../../../../avr/lib/avr5/libc.a(strlen_P.o)
                0x00000d40                strlen_P
 .text          0x00000d52       0x16 /usr/lib/gcc/avr/4.2.1/../../../../avr/lib/avr5/libc.a(strnlen_P.o)
                0x00000d52                strnlen_P
 .text          0x00000d68        0xe /usr/lib/gcc/avr/4.2.1/../../../../avr/lib/avr5/libc.a(memset.o)
                0x00000d68                memset
 .text          0x00000d76       0x16 /usr/lib/gcc/avr/4.2.1/../../../../avr/lib/avr5/libc.a(strnlen.o)
                0x00000d76                strnlen
 .text          0x00000d8c        0x0 /usr/lib/gcc/avr/4.2.1/avr5/libgcc.a(_udivmodsi4.o)
                0x00000d8c                . = ALIGN (0x2)
 *(.text.*)
 .text.libgcc   0x00000d8c        0x0 /usr/lib/gcc/avr/4.2.1/avr5/libgcc.a(_clear_bss.o)
 .text.libgcc   0x00000d8c       0x44 /usr/lib/gcc/avr/4.2.1/avr5/libgcc.a(_udivmodsi4.o)
                0x00000d8c                __udivmodsi4
                0x00000dd0                . = ALIGN (0x2)
 *(.fini9)
 *(.fini9)
 *(.fini8)
 *(.fini8)
 *(.fini7)
 *(.fini7)
 *(.fini6)
 *(.fini6)
 *(.fini5)
 *(.fini5)
 *(.fini4)
 *(.fini4)
 *(.fini3)
 *(.fini3)
 *(.fini2)
 *(.fini2)
 *(.fini1)
 *(.fini1)
 *(.fini0)
 *(.fini0)
                0x00000dd0                _etext = .

.data           0x00800100       0x12 load address 0x00000dd0
                0x00800100                PROVIDE (__data_start, .)
 *(.data)
 .data          0x00800100        0x0 /usr/lib/gcc/avr/4.2.1/../../../../avr/lib/avr5/crtm128.o
 .data          0x00800100        0xb spi_main.o
 .data          0x0080010b        0x0 spi.o
 .data          0x0080010b        0x0 Delay.o
 .data          0x0080010b        0x0 Timer.o
 .data          0x0080010b        0x0 UART.o
 .data          0x0080010b        0x0 Hardware.o
 .data          0x0080010b        0x0 /usr/lib/gcc/avr/4.2.1/avr5/libgcc.a(_clear_bss.o)
 .data          0x0080010b        0x0 /usr/lib/gcc/avr/4.2.1/../../../../avr/lib/avr5/libc.a(fdevopen.o)
 .data          0x0080010b        0x0 /usr/lib/gcc/avr/4.2.1/../../../../avr/lib/avr5/libc.a(fputc.o)
 .data          0x0080010b        0x0 /usr/lib/gcc/avr/4.2.1/../../../../avr/lib/avr5/libc.a(iob.o)
 .data          0x0080010b        0x0 /usr/lib/gcc/avr/4.2.1/../../../../avr/lib/avr5/libc.a(printf.o)
 .data          0x0080010b        0x0 /usr/lib/gcc/avr/4.2.1/../../../../avr/lib/avr5/libc.a(vfprintf_std.o)
 .data          0x0080010b        0x0 /usr/lib/gcc/avr/4.2.1/../../../../avr/lib/avr5/libc.a(calloc.o)
 .data          0x0080010b        0x6 /usr/lib/gcc/avr/4.2.1/../../../../avr/lib/avr5/libc.a(malloc.o)
                0x0080010d                __malloc_heap_start
                0x0080010f                __malloc_heap_end
                0x0080010b                __malloc_margin
 .data          0x00800111        0x0 /usr/lib/gcc/avr/4.2.1/../../../../avr/lib/avr5/libc.a(strlen_P.o)
 .data          0x00800111        0x0 /usr/lib/gcc/avr/4.2.1/../../../../avr/lib/avr5/libc.a(strnlen_P.o)
 .data          0x00800111        0x0 /usr/lib/gcc/avr/4.2.1/../../../../avr/lib/avr5/libc.a(memset.o)
 .data          0x00800111        0x0 /usr/lib/gcc/avr/4.2.1/../../../../avr/lib/avr5/libc.a(strnlen.o)
 .data          0x00800111        0x0 /usr/lib/gcc/avr/4.2.1/avr5/libgcc.a(_udivmodsi4.o)
 *(.data*)
 *(.rodata)
 *(.rodata*)
 *(.gnu.linkonce.d*)
                0x00800112                . = ALIGN (0x2)
 *fill*         0x00800111        0x1 00
                0x00800112                _edata = .
                0x00800112                PROVIDE (__data_end, .)

.bss            0x00800112      0x113
                0x00800112                PROVIDE (__bss_start, .)
 *(.bss)
 .bss           0x00800112        0x0 /usr/lib/gcc/avr/4.2.1/../../../../avr/lib/avr5/crtm128.o
 .bss           0x00800112        0x0 spi_main.o
 .bss           0x00800112        0x0 spi.o
 .bss           0x00800112        0x0 Delay.o
 .bss           0x00800112        0x3 Timer.o
                0x00800112                gTickCount
 .bss           0x00800115        0x0 UART.o
 .bss           0x00800115        0x0 Hardware.o
 .bss           0x00800115        0x0 /usr/lib/gcc/avr/4.2.1/avr5/libgcc.a(_clear_bss.o)
 .bss           0x00800115        0x0 /usr/lib/gcc/avr/4.2.1/../../../../avr/lib/avr5/libc.a(fdevopen.o)
 .bss           0x00800115        0x0 /usr/lib/gcc/avr/4.2.1/../../../../avr/lib/avr5/libc.a(fputc.o)
 .bss           0x00800115        0x0 /usr/lib/gcc/avr/4.2.1/../../../../avr/lib/avr5/libc.a(iob.o)
 .bss           0x00800115        0x0 /usr/lib/gcc/avr/4.2.1/../../../../avr/lib/avr5/libc.a(printf.o)
 .bss           0x00800115        0x0 /usr/lib/gcc/avr/4.2.1/../../../../avr/lib/avr5/libc.a(vfprintf_std.o)
 .bss           0x00800115        0x0 /usr/lib/gcc/avr/4.2.1/../../../../avr/lib/avr5/libc.a(calloc.o)
 .bss           0x00800115        0x0 /usr/lib/gcc/avr/4.2.1/../../../../avr/lib/avr5/libc.a(malloc.o)
 .bss           0x00800115        0x0 /usr/lib/gcc/avr/4.2.1/../../../../avr/lib/avr5/libc.a(strlen_P.o)
 .bss           0x00800115        0x0 /usr/lib/gcc/avr/4.2.1/../../../../avr/lib/avr5/libc.a(strnlen_P.o)
 .bss           0x00800115        0x0 /usr/lib/gcc/avr/4.2.1/../../../../avr/lib/avr5/libc.a(memset.o)
 .bss           0x00800115        0x0 /usr/lib/gcc/avr/4.2.1/../../../../avr/lib/avr5/libc.a(strnlen.o)
 .bss           0x00800115        0x0 /usr/lib/gcc/avr/4.2.1/avr5/libgcc.a(_udivmodsi4.o)
 *(.bss*)
 *(COMMON)
 COMMON         0x00800115        0x2 spi_main.o
                0x00800115                spi_buffer_input
 COMMON         0x00800117      0x104 UART.o
                0x00800117                gUart0TxBuf
                0x00800199                gUart0RxBuf
 COMMON         0x0080021b        0x6 /usr/lib/gcc/avr/4.2.1/../../../../avr/lib/avr5/libc.a(iob.o)
                0x0080021b                __iob
 COMMON         0x00800221        0x4 /usr/lib/gcc/avr/4.2.1/../../../../avr/lib/avr5/libc.a(malloc.o)
                0x00800221                __brkval
                0x00800223                __flp
                0x00800225                PROVIDE (__bss_end, .)
                0x00000dd0                __data_load_start = LOADADDR (.data)
                0x00000de2                __data_load_end = (__data_load_start + SIZEOF (.data))

.noinit         0x00800225        0x0
                0x00800225                PROVIDE (__noinit_start, .)
 *(.noinit*)
                0x00800225                PROVIDE (__noinit_end, .)
                0x00800225                _end = .
                0x00800225                PROVIDE (__heap_start, .)

.eeprom         0x00810000        0x0
 *(.eeprom*)
                0x00810000                __eeprom_end = .

.stab           0x00000000     0x1db8
 *(.stab)
 .stab          0x00000000      0x408 /usr/lib/gcc/avr/4.2.1/../../../../avr/lib/avr5/crtm128.o
 .stab          0x00000408      0x498 /usr/lib/gcc/avr/4.2.1/../../../../avr/lib/avr5/libc.a(fdevopen.o)
                                0x4a4 (size before relaxing)
 .stab          0x000008a0      0x1d4 /usr/lib/gcc/avr/4.2.1/../../../../avr/lib/avr5/libc.a(fputc.o)
                                0x3b4 (size before relaxing)
 .stab          0x00000a74      0x12c /usr/lib/gcc/avr/4.2.1/../../../../avr/lib/avr5/libc.a(iob.o)
                                0x30c (size before relaxing)
 .stab          0x00000ba0      0x1b0 /usr/lib/gcc/avr/4.2.1/../../../../avr/lib/avr5/libc.a(printf.o)
                                0x390 (size before relaxing)
 .stab          0x00000d50      0x768 /usr/lib/gcc/avr/4.2.1/../../../../avr/lib/avr5/libc.a(vfprintf_std.o)
                                0x990 (size before relaxing)
 .stab          0x000014b8      0x1bc /usr/lib/gcc/avr/4.2.1/../../../../avr/lib/avr5/libc.a(calloc.o)
                                0x1f8 (size before relaxing)
 .stab          0x00001674      0x51c /usr/lib/gcc/avr/4.2.1/../../../../avr/lib/avr5/libc.a(malloc.o)
                                0x6fc (size before relaxing)
 .stab          0x00001b90       0x84 /usr/lib/gcc/avr/4.2.1/../../../../avr/lib/avr5/libc.a(strlen_P.o)
                                 0x90 (size before relaxing)
 .stab          0x00001c14       0x9c /usr/lib/gcc/avr/4.2.1/../../../../avr/lib/avr5/libc.a(strnlen_P.o)
                                 0xa8 (size before relaxing)
 .stab          0x00001cb0       0x6c /usr/lib/gcc/avr/4.2.1/../../../../avr/lib/avr5/libc.a(memset.o)
                                 0x78 (size before relaxing)
 .stab          0x00001d1c       0x9c /usr/lib/gcc/avr/4.2.1/../../../../avr/lib/avr5/libc.a(strnlen.o)
                                 0xa8 (size before relaxing)

.stabstr        0x00000000      0xf4a
 *(.stabstr)
 .stabstr       0x00000000      0xf4a /usr/lib/gcc/avr/4.2.1/../../../../avr/lib/avr5/crtm128.o

.stab.excl
 *(.stab.excl)

.stab.exclstr
 *(.stab.exclstr)

.stab.index
 *(.stab.index)

.stab.indexstr
 *(.stab.indexstr)

.comment
 *(.comment)

.debug
 *(.debug)

.line
 *(.line)

.debug_srcinfo
 *(.debug_srcinfo)

.debug_sfnames
 *(.debug_sfnames)

.debug_aranges
 *(.debug_aranges)

.debug_pubnames
 *(.debug_pubnames)

.debug_info
 *(.debug_info)
 *(.gnu.linkonce.wi.*)

.debug_abbrev
 *(.debug_abbrev)

.debug_line
 *(.debug_line)

.debug_frame
 *(.debug_frame)

.debug_str
 *(.debug_str)

.debug_loc
 *(.debug_loc)

.debug_macinfo
 *(.debug_macinfo)
OUTPUT(spi_main.elf elf32-avr)
